zam64.sys
yyprotect64.sys
xjokercontroller.sys
wyproxy64.sys
wsdkd.sys
WiseUnlo.sys
WiRwaDrv.sys
WinTapix.sys, SRVNET2.SYS
WinRing0.sys, WinRing0x64
winring0.sys
WINIODrv.sys
winio64c.sys
winio64b.sys
winio64a.sys
winio64.sys
winio32b.sys
winio32a.sys
winio32.sys
WinFlash64.sys
windows8-10-32.sys
windows7-32.sys
windows-xp-64.sys
windbg.sys
wfshbr64.sys, wfshbr32.sys
WCPU.sys
wantd.sys
wantd_6.sys
wantd_5.sys
wantd_4.sys
wantd_3.sys
wantd_2.sys
VProEventMonitor.sys
vmdrv.sys
viragt64.sys
viragt.sys
viraglt64.sys
VdBSv64.sys
VBoxUSBMon.sys
VBoxUSB.Sys
VBoxTAP.sys
VBoxMouseNT.sys
vboxguest.sys
vboxdrv.sys
UCOREW64.SYS
typelibdE.sys
truesight.sys
Tmel.sys
TmComm.sys
titidrv.sys
tgsafe.sys
tfbfs3ped.sys
testbone.sys
test2.sys
telephonuAfY.sys
TdkLib64.sys
tdeio64.sys
t8.sys
t7.sys
t3.sys
t.sys
SysInfoDetectorX64.sys
SysInfo.sys
SysDrv3S.sys
sysconp.sys
superbmc.sys
stdcdrvws64.sys
stdcdrv64.sys
SSPORT.sys
spwizimgVT.sys
spf.sys
speedfan.sys
smep_namco.sys
smep_capcom.sys
SMARTEIO64.SYS
skill.sys
sfdrvx64.sys
sfdrvx32.sys
sepdrv3_1.sys
Sense5Ext.sys
semav6msr.sys
semav6msr.sys
segwindrvx64.sys
Se64a.sys
SBIOSIO64.sys
SANDRA.sys
rzpnk.sys
rwdrv.sys
rtport.sys
rtkiow8x64.sys 
rtkio.sys
rtkio.sys
rtif.sys
rtcoremini64.sys
RTCore64.sys
reddriver.sys
RadHwMgr.sys
ProxyDrv.sys
proxy64.sys
proxy32.sys
ProtectS.sys
prokiller64.sys
procexp.Sys
POORTRY2.sys
POORTRY1.sys
POORTRY.sys
piddrv64.sys
piddrv.sys
physmem.sys
Phymemx64.sys
phymem64.sys
phymem_ext64.sys
phydmaccx86.sys
phydmaccx64.sys
PhlashNT.sys
PDFWKRNL.sys
PcieCubed.sys
pchunter.sys
panmonfltx64.sys
panmonflt.sys
paniox64.sys
panio.sys
otipcibus.sys
OpenLibSys.sys
nvoclock.sys
nvflsh64.sys
nvflsh32.sys
nvflash.sys
nvaudio.sys
NTIOLib.sys
NTIOLib_X64.sys
ntbios.sys
ntbios_2.sys
nt6.sys
nt5.sys
nt4.sys
nt3.sys
nt2.sys
nstrwsk.sys
nstr.sys
nscm.sys
NQrmq.sys
NodeDriver.sys
NlsLexicons0024UvN.sys
NICM.SYS
ni.sys
ngiodriver.sys
netproxydriver.sys
netflt.sys
netfilterdrv.sys
netfilter2.sys
Netfilter.sys
ndislan.sys
ncpl.sys
NCHGBIOS2x64.SYS
NBIOLib_X64.sys
NalDrv.sys
mydrivers.sys
my.sys
mtcBSv64.sys
msrhook.sys
msr.sys
MSqPq.sys
MsIo64.sys
msio32.sys
Monitor_win10_x64.sys
mlgbbiicaihflrnh.sys
mJj0ge.sys
mimikatz.sys
mimidrv.sys
mhyprotrpg.sys
mhyprotnap.sys
mhyprotect.sys
mhyprot3.sys
mhyprot2.sys
mhyprot.sys
mapmom.sys
malicious.sys
magdrvamd64.sys
lv561av.sys
lurker.sys
LMIinfo.sys
libnicm.sys
LHA.sys
LgDCatcher.sys
LgDataCatcher.sys
LgCoreTemp.sys
LenovoDiagnosticsDriver.sys
LcTkA.sys
ktmutil7ODM.sys
kprocesshacker.sys
KfeCo11X64.sys
KfeCo10X64.sys
kEvP64.sys
kerneld.amd64
kdriver.sys
kbdcap64.sys
KApcHelper_x64.sys
jokercontroller.sys
iscflashx64.sys
irec.sys
iqvw64e.sys, iQVW64.SYS
iqvw64e.sys
iQVW64.SYS
iomem64.sys
IOMap64.sys
iobitunlocker.sys
IoAccess.sys
inpoutx64.sys
inpout32.sys
HwRwDrv.sys
HwOs2Ec7x64.sys
HwOs2Ec10x64.sys
HWiNFO64I.SYS
HWiNFO32.SYS
hwdetectng.sys
hw.sys
HpPortIox64.sys
HOSTNT.sys
gvcidrv64.sys
GtcKmdfBs.sys
gpcidrv64.sys
goad.sys
gmer64.sys, superman.sys
GLCKIO2.sys
gftkyj64.sys, deame.sys
GEDevDrv.SYS
gdrv.sys
gametersafe.sys
gameink.sys
fur.sys
full.sys
FPCIE2COM.sys
fidpcidrv64.sys
fidpcidrv.sys
fiddrv64.sys
fiddrv.sys
FH-EtherCAT_DIO.sys
fd3b7234419fafc9bdd533f48896ed73_b816c5cd.sys
fairplaykd.sys
etdsupp.sys
EneTechIo64.sys
EneIo64.sys
ene.sys
elrawdsk.sys
elbycdio.sys
EIO.sys
ef0e1725aaf0c6c972593f860531a2ea.sys
ecsiodriverx64.sys
echo_driver.sys
e939448b28a4edc81f1f974cebf6e7d2.sys
e29f6311ae87542b3d693c1f38e4e3ad.sys
Driver7.sys
driver7-x86.sys
driver7-x86-withoutdbg.sys
driver7-x64.sys
dkrTK.sys
directio64.sys, utiA2D4.sys
directio64.sys
DirectIo32.sys
directio32_legacy.sys, DirectIo32.sys
directio.sys
Dh_Kernel.sys
Dh_Kernel_10.sys
dellbios.sys
dcr.sys
DcProtect.sys
DBUtilDrv2.sys
dbutil.sys
dbutil_2_3.sys
dbk64.sys
daxin_blank6.sys
daxin_blank5.sys
daxin_blank4.sys
daxin_blank3.sys
daxin_blank2.sys
daxin_blank1.sys
daxin_blank.sys
d4.sys
d3.sys
d2.sys
d.sys
CupFixerx64.sys
CtiIo64.sys
cpuz141.sys
cpuz.sys
cpuz_x64.sys
cpupress.sys
CP2X72C.SYS
CorsairLLAccess64.sys
ComputerZ.Sys
CITMDRV_IA64.sys
CITMDRV_AMD64.sys
Chaos-Rootkit.sys
cg6kwin2k.sys
capcom2.sys
capcom.sys
c94f405c5929cfcccc8ad00b42c95083.sys
c.sys
bwrsh.sys
bwrs.sys
bw.sys
BSMIXP64.sys
BSMIx64.sys
BSMI.sys
BSMEMx64.sys
BS_RCIOW1064.sys
BS_RCIO64.sys
BS_RCIO.sys
BS_I2cIo.sys
BS_I2c64.sys
bs_hwmio64.sys
BS_HWMIO64_W10.sys
BS_Flash64.sys
BS_Def64.sys
bs_def.sys
blacklotus_driver.sys
blackbonedrv10.sys
Blackbone.sys
black.sys
bedaisy.sys
be6318413160e589080df02bb3ca6e6a.sys
bandai.sys
b4.sys
b3.sys
b1.sys
b.sys
avalueio.sys
ATSZIO64.sys
ATSZIO.sys
atomicredteamcapcom.sys
atlAccess.sys
atillk64.sys
aswVmm.sys
aswArPot.sys, avgArPot.sys
aswArPot.sys
AsUpIO64.sys
AsUpIO.sys
AsrSmartConnectDrv.sys
AsrSetupDrv103.sys
AsrRapidStartDrv.sys
AsrOmgDrv.sys
AsrIbDrv.sys
AsrDrv106.sys
asrdrv104.sys
AsrDrv103.sys
AsrDrv102.sys
AsrDrv101.sys
AsrDrv10.sys
AsrDrv.sys
AsrAutoChkUpdDrv.sys
AsrAutoChkUpdDrv_1_0_32.sys
asmmap64.sys
AsmIo64.sys
AsIO64.sys
asio32.sys
AsIO.sys
asas.sys
AODDriver.sys
amsdk.sys
amp.sys
amigendrv64.sys
amifldrv64.sys, amifldrv.sys
amifldrv64.sys
AMDRyzenMasterDriver.sys
AMDPowerProfiler.sys
ALSysIO64.sys
Air_SYSTEM10.sys
Agent64.sys
ADV64DRV.sys
a9df5964635ef8bd567ae487c3d214c4.sys
a26363e7b02b13f2b8d697abb90cd5c3.sys
a236e7d654cd932b7d11cb604629a2d0.sys
834761775.sys
81.sys
80.sys
7.sys
6771b13a53b9c7449d4891e427735ea2.sys
5a4fe297c7d42539303137b6d75b150d.sys
4748696211bd56c2d93c21cab91e82a5.sys
4118b86e490aed091b1a219dba45f332.sys
4.sys
2.sys
1fc7aeeff3ab19004d2e53eae8160ab1.sys
1.sys
